Archive member included to satisfy reference by file (symbol)

c:/program files (x86)/atmel/studio/7.0/toolchain/avr8/avr8-gnu-toolchain/bin/../lib/gcc/avr/5.4.0/avr5\libgcc.a(_udivmodsi4.o)
                              MCAL/TIMER/TIMER.o (__udivmodsi4)
c:/program files (x86)/atmel/studio/7.0/toolchain/avr8/avr8-gnu-toolchain/bin/../lib/gcc/avr/5.4.0/avr5\libgcc.a(_divmodsi4.o)
                              HAL/LCD.o (__divmodsi4)
c:/program files (x86)/atmel/studio/7.0/toolchain/avr8/avr8-gnu-toolchain/bin/../lib/gcc/avr/5.4.0/avr5\libgcc.a(_negsi2.o)
                              c:/program files (x86)/atmel/studio/7.0/toolchain/avr8/avr8-gnu-toolchain/bin/../lib/gcc/avr/5.4.0/avr5\libgcc.a(_divmodsi4.o) (__negsi2)
c:/program files (x86)/atmel/studio/7.0/toolchain/avr8/avr8-gnu-toolchain/bin/../lib/gcc/avr/5.4.0/avr5\libgcc.a(_exit.o)
                              C:/Program Files (x86)/Atmel/Studio/7.0/Packs/atmel/ATmega_DFP/1.7.374/gcc/dev/atmega32/avr5/crtatmega32.o (exit)
c:/program files (x86)/atmel/studio/7.0/toolchain/avr8/avr8-gnu-toolchain/bin/../lib/gcc/avr/5.4.0/avr5\libgcc.a(_tablejump2.o)
                              HAL/seg.o (__tablejump2__)
c:/program files (x86)/atmel/studio/7.0/toolchain/avr8/avr8-gnu-toolchain/bin/../lib/gcc/avr/5.4.0/avr5\libgcc.a(_copy_data.o)
                              HAL/Keypad.o (__do_copy_data)
c:/program files (x86)/atmel/studio/7.0/toolchain/avr8/avr8-gnu-toolchain/bin/../lib/gcc/avr/5.4.0/avr5\libgcc.a(_clear_bss.o)
                              main.o (__do_clear_bss)
c:/program files (x86)/atmel/studio/7.0/toolchain/avr8/avr8-gnu-toolchain/bin/../lib/gcc/avr/5.4.0/avr5\libgcc.a(_umulhisi3.o)
                              HAL/seg.o (__umulhisi3)

Allocating common symbols
Common symbol       size              file

timer0_counter      0x4               MCAL/TIMER/TIMER.o

Discarded input sections

 .data          0x00000000        0x0 C:/Program Files (x86)/Atmel/Studio/7.0/Packs/atmel/ATmega_DFP/1.7.374/gcc/dev/atmega32/avr5/crtatmega32.o
 .bss           0x00000000        0x0 C:/Program Files (x86)/Atmel/Studio/7.0/Packs/atmel/ATmega_DFP/1.7.374/gcc/dev/atmega32/avr5/crtatmega32.o
 .text          0x00000000        0x0 APP/Lighting_control/Lighting_control.o
 .data          0x00000000        0x0 APP/Lighting_control/Lighting_control.o
 .bss           0x00000000        0x0 APP/Lighting_control/Lighting_control.o
 .debug_line    0x00000000        0x0 APP/Lighting_control/Lighting_control.o
 .debug_str     0x00000000      0x130 APP/Lighting_control/Lighting_control.o
 .comment       0x00000000       0x31 APP/Lighting_control/Lighting_control.o
 .text          0x00000000        0x0 HAL/Button.o
 .data          0x00000000        0x0 HAL/Button.o
 .bss           0x00000000        0x0 HAL/Button.o
 .text.Pushbutton_setup
                0x00000000       0x38 HAL/Button.o
 .text          0x00000000        0x0 HAL/DC_motor.o
 .data          0x00000000        0x0 HAL/DC_motor.o
 .bss           0x00000000        0x0 HAL/DC_motor.o
 .text.motor_state
                0x00000000       0x48 HAL/DC_motor.o
 .debug_info    0x00000000      0x24f HAL/DC_motor.o
 .debug_abbrev  0x00000000       0xae HAL/DC_motor.o
 .debug_loc     0x00000000       0x4e HAL/DC_motor.o
 .debug_aranges
                0x00000000       0x20 HAL/DC_motor.o
 .debug_ranges  0x00000000       0x10 HAL/DC_motor.o
 .debug_line    0x00000000       0x84 HAL/DC_motor.o
 .debug_str     0x00000000      0x21c HAL/DC_motor.o
 .comment       0x00000000       0x31 HAL/DC_motor.o
 .debug_frame   0x00000000       0x2c HAL/DC_motor.o
 .text          0x00000000        0x0 HAL/Keypad.o
 .data          0x00000000        0x0 HAL/Keypad.o
 .bss           0x00000000        0x0 HAL/Keypad.o
 .text.keypad_getkey_No_Wait
                0x00000000       0x7e HAL/Keypad.o
 .text          0x00000000        0x0 HAL/Keypad_cfg.o
 .data          0x00000000        0x0 HAL/Keypad_cfg.o
 .bss           0x00000000        0x0 HAL/Keypad_cfg.o
 .text          0x00000000        0x0 HAL/LCD.o
 .data          0x00000000        0x0 HAL/LCD.o
 .bss           0x00000000        0x0 HAL/LCD.o
 .text.LCD_WriteString_multiLine
                0x00000000       0xb8 HAL/LCD.o
 .text.LCD_WriteNumber
                0x00000000       0xe0 HAL/LCD.o
 .text          0x00000000        0x0 HAL/Led.o
 .data          0x00000000        0x0 HAL/Led.o
 .bss           0x00000000        0x0 HAL/Led.o
 .text          0x00000000        0x0 HAL/seg.o
 .data          0x00000000        0x0 HAL/seg.o
 .bss           0x00000000        0x0 HAL/seg.o
 .text.seg_Init
                0x00000000       0x42 HAL/seg.o
 .text.seg_write_digit
                0x00000000      0x168 HAL/seg.o
 .progmem.gcc_sw_table.seg_write_digit
                0x00000000       0x14 HAL/seg.o
 .text.seg_write
                0x00000000      0x20e HAL/seg.o
 .debug_info    0x00000000      0x9a9 HAL/seg.o
 .debug_abbrev  0x00000000      0x157 HAL/seg.o
 .debug_loc     0x00000000      0x44b HAL/seg.o
 .debug_aranges
                0x00000000       0x30 HAL/seg.o
 .debug_ranges  0x00000000       0x20 HAL/seg.o
 .debug_line    0x00000000      0x297 HAL/seg.o
 .debug_str     0x00000000      0x274 HAL/seg.o
 .comment       0x00000000       0x31 HAL/seg.o
 .debug_frame   0x00000000       0x6c HAL/seg.o
 .text          0x00000000        0x0 HAL/sensors.o
 .data          0x00000000        0x0 HAL/sensors.o
 .bss           0x00000000        0x0 HAL/sensors.o
 .text.Temp_Read_lm35
                0x00000000        0x8 HAL/sensors.o
 .debug_info    0x00000000       0xf3 HAL/sensors.o
 .debug_abbrev  0x00000000       0x8b HAL/sensors.o
 .debug_aranges
                0x00000000       0x20 HAL/sensors.o
 .debug_ranges  0x00000000       0x10 HAL/sensors.o
 .debug_line    0x00000000       0x73 HAL/sensors.o
 .debug_str     0x00000000      0x1de HAL/sensors.o
 .comment       0x00000000       0x31 HAL/sensors.o
 .debug_frame   0x00000000       0x24 HAL/sensors.o
 .text          0x00000000        0x0 main.o
 .data          0x00000000        0x0 main.o
 .bss           0x00000000        0x0 main.o
 .text          0x00000000        0x0 MCAL/ADC/ADC.o
 .data          0x00000000        0x0 MCAL/ADC/ADC.o
 .bss           0x00000000        0x0 MCAL/ADC/ADC.o
 .text.ADC_Init
                0x00000000       0x20 MCAL/ADC/ADC.o
 .text.ADC_Read
                0x00000000       0x1c MCAL/ADC/ADC.o
 .text.ADC_ReadVolt
                0x00000000       0x26 MCAL/ADC/ADC.o
 .debug_info    0x00000000      0x1de MCAL/ADC/ADC.o
 .debug_abbrev  0x00000000       0xd2 MCAL/ADC/ADC.o
 .debug_loc     0x00000000       0x42 MCAL/ADC/ADC.o
 .debug_aranges
                0x00000000       0x30 MCAL/ADC/ADC.o
 .debug_ranges  0x00000000       0x20 MCAL/ADC/ADC.o
 .debug_line    0x00000000       0xd1 MCAL/ADC/ADC.o
 .debug_str     0x00000000      0x2a7 MCAL/ADC/ADC.o
 .comment       0x00000000       0x31 MCAL/ADC/ADC.o
 .debug_frame   0x00000000       0x44 MCAL/ADC/ADC.o
 .text          0x00000000        0x0 MCAL/DIO/DIO.o
 .data          0x00000000        0x0 MCAL/DIO/DIO.o
 .bss           0x00000000        0x0 MCAL/DIO/DIO.o
 .text          0x00000000        0x0 MCAL/EX_Interrupt/EX_Interrupt.o
 .data          0x00000000        0x0 MCAL/EX_Interrupt/EX_Interrupt.o
 .bss           0x00000000        0x0 MCAL/EX_Interrupt/EX_Interrupt.o
 .text.EXI_Enable
                0x00000000       0x24 MCAL/EX_Interrupt/EX_Interrupt.o
 .text.EXI_Disable
                0x00000000       0x24 MCAL/EX_Interrupt/EX_Interrupt.o
 .text.EXI_TriggerEdge
                0x00000000       0xc0 MCAL/EX_Interrupt/EX_Interrupt.o
 .text.EXI_Init
                0x00000000       0x32 MCAL/EX_Interrupt/EX_Interrupt.o
 .text.EXI_SetCallBack
                0x00000000       0x2a MCAL/EX_Interrupt/EX_Interrupt.o
 .text          0x00000000        0x0 MCAL/TIMER/TIMER.o
 .data          0x00000000        0x0 MCAL/TIMER/TIMER.o
 .bss           0x00000000        0x0 MCAL/TIMER/TIMER.o
 .text.TIMER0_OC0Mode
                0x00000000       0x48 MCAL/TIMER/TIMER.o
 .text.OC0_AnalogWritePresentage
                0x00000000       0x32 MCAL/TIMER/TIMER.o
 .text.OC0_AnalogWrite
                0x00000000       0x26 MCAL/TIMER/TIMER.o
 .text.OC0_AnalogWriteVoltage
                0x00000000       0x34 MCAL/TIMER/TIMER.o
 .text.OC0_SetPrescaler
                0x00000000       0xb4 MCAL/TIMER/TIMER.o
 .progmem.gcc_sw_table.OC0_SetPrescaler
                0x00000000       0x10 MCAL/TIMER/TIMER.o
 .text.OC0_SetFrequency_duty50
                0x00000000      0x1a6 MCAL/TIMER/TIMER.o
 .text.TIMER0_OVF_InterruptDisable
                0x00000000        0x8 MCAL/TIMER/TIMER.o
 .text.TIMER0_OC_InterruptEnable
                0x00000000        0x8 MCAL/TIMER/TIMER.o
 .text.TIMER0_OC_InterruptDisable
                0x00000000        0x8 MCAL/TIMER/TIMER.o
 .text.TIMER0_OC_SetCallBack
                0x00000000        0xa MCAL/TIMER/TIMER.o
 .text.Timer1_InputCaptureEdge
                0x00000000       0x1a MCAL/TIMER/TIMER.o
 .text.Timer1_Init
                0x00000000       0xc6 MCAL/TIMER/TIMER.o
 .text.Timer1_OCRA1Mode
                0x00000000       0x48 MCAL/TIMER/TIMER.o
 .text.Timer1_OCRB1Mode
                0x00000000       0x48 MCAL/TIMER/TIMER.o
 .text.OC1A_AnalogWrite_255
                0x00000000       0x22 MCAL/TIMER/TIMER.o
 .text.OC1B_AnalogWrite_255
                0x00000000       0x22 MCAL/TIMER/TIMER.o
 .text.OC1A_fast_rgb
                0x00000000       0x52 MCAL/TIMER/TIMER.o
 .text.OC1_signal_no_ICR
                0x00000000       0x94 MCAL/TIMER/TIMER.o
 .text.OC1B_signal_no_OC1A
                0x00000000       0x5a MCAL/TIMER/TIMER.o
 .text.Timer1_ICU_InterruptEnable
                0x00000000        0x8 MCAL/TIMER/TIMER.o
 .text.Timer1_ICU_InterruptDisable
                0x00000000        0x8 MCAL/TIMER/TIMER.o
 .text.Timer1_OVF_InterruptEnable
                0x00000000        0x8 MCAL/TIMER/TIMER.o
 .text.Timer1_OVF_InterruptDisable
                0x00000000        0x8 MCAL/TIMER/TIMER.o
 .text.Timer1_OCA_InterruptEnable
                0x00000000        0x8 MCAL/TIMER/TIMER.o
 .text.Timer1_OCA_InterruptDisable
                0x00000000        0x8 MCAL/TIMER/TIMER.o
 .text.Timer1_OCB_InterruptEnable
                0x00000000        0x8 MCAL/TIMER/TIMER.o
 .text.Timer1_OCB_InterruptDisable
                0x00000000        0x8 MCAL/TIMER/TIMER.o
 .text.Timer1_OVF_SetCallBack
                0x00000000        0xa MCAL/TIMER/TIMER.o
 .text.Timer1_OCA_SetCallBack
                0x00000000        0xa MCAL/TIMER/TIMER.o
 .text.Timer1_OCB_SetCallBack
                0x00000000        0xa MCAL/TIMER/TIMER.o
 .text.Timer1_ICU_SetCallBack
                0x00000000        0xa MCAL/TIMER/TIMER.o
 .text.TIMER2_OC2Mode
                0x00000000       0x48 MCAL/TIMER/TIMER.o
 .text.OC2_SetPrescaler
                0x00000000        0xe MCAL/TIMER/TIMER.o
 .text.TIMER2_OVF_InterruptEnable
                0x00000000        0x8 MCAL/TIMER/TIMER.o
 .text.TIMER2_OVF_InterruptDisable
                0x00000000        0x8 MCAL/TIMER/TIMER.o
 .text.TIMER2_OC_InterruptEnable
                0x00000000        0x8 MCAL/TIMER/TIMER.o
 .text.TIMER2_Init
                0x00000000       0x5c MCAL/TIMER/TIMER.o
 .text.OC2_AnalogWritePresentage
                0x00000000       0x32 MCAL/TIMER/TIMER.o
 .text.OC2_AnalogWrite
                0x00000000       0x1a MCAL/TIMER/TIMER.o
 .text.OC2_AnalogWriteVoltage
                0x00000000       0x34 MCAL/TIMER/TIMER.o
 .text.OC2_SetFrequency_duty50
                0x00000000      0x1a6 MCAL/TIMER/TIMER.o
 .text.TIMER2_OC_InterruptDisable
                0x00000000        0x8 MCAL/TIMER/TIMER.o
 .text.TIMER2_OVF_SetCallBack
                0x00000000        0xa MCAL/TIMER/TIMER.o
 .text.TIMER2_OC_SetCallBack
                0x00000000        0xa MCAL/TIMER/TIMER.o
 .data.first_time.1956
                0x00000000        0x1 MCAL/TIMER/TIMER.o
 COMMON         0x00000000        0x4 MCAL/TIMER/TIMER.o
 .text          0x00000000        0x0 c:/program files (x86)/atmel/studio/7.0/toolchain/avr8/avr8-gnu-toolchain/bin/../lib/gcc/avr/5.4.0/avr5\libgcc.a(_udivmodsi4.o)
 .data          0x00000000        0x0 c:/program files (x86)/atmel/studio/7.0/toolchain/avr8/avr8-gnu-toolchain/bin/../lib/gcc/avr/5.4.0/avr5\libgcc.a(_udivmodsi4.o)
 .bss           0x00000000        0x0 c:/program files (x86)/atmel/studio/7.0/toolchain/avr8/avr8-gnu-toolchain/bin/../lib/gcc/avr/5.4.0/avr5\libgcc.a(_udivmodsi4.o)
 .text.libgcc.mul
                0x00000000        0x0 c:/program files (x86)/atmel/studio/7.0/toolchain/avr8/avr8-gnu-toolchain/bin/../lib/gcc/avr/5.4.0/avr5\libgcc.a(_udivmodsi4.o)
 .text.libgcc.div
                0x00000000       0x44 c:/program files (x86)/atmel/studio/7.0/toolchain/avr8/avr8-gnu-toolchain/bin/../lib/gcc/avr/5.4.0/avr5\libgcc.a(_udivmodsi4.o)
 .text.libgcc   0x00000000        0x0 c:/program files (x86)/atmel/studio/7.0/toolchain/avr8/avr8-gnu-toolchain/bin/../lib/gcc/avr/5.4.0/avr5\libgcc.a(_udivmodsi4.o)
 .text.libgcc.prologue
                0x00000000        0x0 c:/program files (x86)/atmel/studio/7.0/toolchain/avr8/avr8-gnu-toolchain/bin/../lib/gcc/avr/5.4.0/avr5\libgcc.a(_udivmodsi4.o)
 .text.libgcc.builtins
                0x00000000        0x0 c:/program files (x86)/atmel/studio/7.0/toolchain/avr8/avr8-gnu-toolchain/bin/../lib/gcc/avr/5.4.0/avr5\libgcc.a(_udivmodsi4.o)
 .text.libgcc.fmul
                0x00000000        0x0 c:/program files (x86)/atmel/studio/7.0/toolchain/avr8/avr8-gnu-toolchain/bin/../lib/gcc/avr/5.4.0/avr5\libgcc.a(_udivmodsi4.o)
 .text.libgcc.fixed
                0x00000000        0x0 c:/program files (x86)/atmel/studio/7.0/toolchain/avr8/avr8-gnu-toolchain/bin/../lib/gcc/avr/5.4.0/avr5\libgcc.a(_udivmodsi4.o)
 .text          0x00000000        0x0 c:/program files (x86)/atmel/studio/7.0/toolchain/avr8/avr8-gnu-toolchain/bin/../lib/gcc/avr/5.4.0/avr5\libgcc.a(_divmodsi4.o)
 .data          0x00000000        0x0 c:/program files (x86)/atmel/studio/7.0/toolchain/avr8/avr8-gnu-toolchain/bin/../lib/gcc/avr/5.4.0/avr5\libgcc.a(_divmodsi4.o)
 .bss           0x00000000        0x0 c:/program files (x86)/atmel/studio/7.0/toolchain/avr8/avr8-gnu-toolchain/bin/../lib/gcc/avr/5.4.0/avr5\libgcc.a(_divmodsi4.o)
 .text.libgcc.mul
                0x00000000        0x0 c:/program files (x86)/atmel/studio/7.0/toolchain/avr8/avr8-gnu-toolchain/bin/../lib/gcc/avr/5.4.0/avr5\libgcc.a(_divmodsi4.o)
 .text.libgcc.div
                0x00000000       0x2e c:/program files (x86)/atmel/studio/7.0/toolchain/avr8/avr8-gnu-toolchain/bin/../lib/gcc/avr/5.4.0/avr5\libgcc.a(_divmodsi4.o)
 .text.libgcc   0x00000000        0x0 c:/program files (x86)/atmel/studio/7.0/toolchain/avr8/avr8-gnu-toolchain/bin/../lib/gcc/avr/5.4.0/avr5\libgcc.a(_divmodsi4.o)
 .text.libgcc.prologue
                0x00000000        0x0 c:/program files (x86)/atmel/studio/7.0/toolchain/avr8/avr8-gnu-toolchain/bin/../lib/gcc/avr/5.4.0/avr5\libgcc.a(_divmodsi4.o)
 .text.libgcc.builtins
                0x00000000        0x0 c:/program files (x86)/atmel/studio/7.0/toolchain/avr8/avr8-gnu-toolchain/bin/../lib/gcc/avr/5.4.0/avr5\libgcc.a(_divmodsi4.o)
 .text.libgcc.fmul
                0x00000000        0x0 c:/program files (x86)/atmel/studio/7.0/toolchain/avr8/avr8-gnu-toolchain/bin/../lib/gcc/avr/5.4.0/avr5\libgcc.a(_divmodsi4.o)
 .text.libgcc.fixed
                0x00000000        0x0 c:/program files (x86)/atmel/studio/7.0/toolchain/avr8/avr8-gnu-toolchain/bin/../lib/gcc/avr/5.4.0/avr5\libgcc.a(_divmodsi4.o)
 .text          0x00000000        0x0 c:/program files (x86)/atmel/studio/7.0/toolchain/avr8/avr8-gnu-toolchain/bin/../lib/gcc/avr/5.4.0/avr5\libgcc.a(_negsi2.o)
 .data          0x00000000        0x0 c:/program files (x86)/atmel/studio/7.0/toolchain/avr8/avr8-gnu-toolchain/bin/../lib/gcc/avr/5.4.0/avr5\libgcc.a(_negsi2.o)
 .bss           0x00000000        0x0 c:/program files (x86)/atmel/studio/7.0/toolchain/avr8/avr8-gnu-toolchain/bin/../lib/gcc/avr/5.4.0/avr5\libgcc.a(_negsi2.o)
 .text.libgcc.mul
                0x00000000        0x0 c:/program files (x86)/atmel/studio/7.0/toolchain/avr8/avr8-gnu-toolchain/bin/../lib/gcc/avr/5.4.0/avr5\libgcc.a(_negsi2.o)
 .text.libgcc.div
                0x00000000       0x10 c:/program files (x86)/atmel/studio/7.0/toolchain/avr8/avr8-gnu-toolchain/bin/../lib/gcc/avr/5.4.0/avr5\libgcc.a(_negsi2.o)
 .text.libgcc   0x00000000        0x0 c:/program files (x86)/atmel/studio/7.0/toolchain/avr8/avr8-gnu-toolchain/bin/../lib/gcc/avr/5.4.0/avr5\libgcc.a(_negsi2.o)
 .text.libgcc.prologue
                0x00000000        0x0 c:/program files (x86)/atmel/studio/7.0/toolchain/avr8/avr8-gnu-toolchain/bin/../lib/gcc/avr/5.4.0/avr5\libgcc.a(_negsi2.o)
 .text.libgcc.builtins
                0x00000000        0x0 c:/program files (x86)/atmel/studio/7.0/toolchain/avr8/avr8-gnu-toolchain/bin/../lib/gcc/avr/5.4.0/avr5\libgcc.a(_negsi2.o)
 .text.libgcc.fmul
                0x00000000        0x0 c:/program files (x86)/atmel/studio/7.0/toolchain/avr8/avr8-gnu-toolchain/bin/../lib/gcc/avr/5.4.0/avr5\libgcc.a(_negsi2.o)
 .text.libgcc.fixed
                0x00000000        0x0 c:/program files (x86)/atmel/studio/7.0/toolchain/avr8/avr8-gnu-toolchain/bin/../lib/gcc/avr/5.4.0/avr5\libgcc.a(_negsi2.o)
 .text          0x00000000        0x0 c:/program files (x86)/atmel/studio/7.0/toolchain/avr8/avr8-gnu-toolchain/bin/../lib/gcc/avr/5.4.0/avr5\libgcc.a(_exit.o)
 .data          0x00000000        0x0 c:/program files (x86)/atmel/studio/7.0/toolchain/avr8/avr8-gnu-toolchain/bin/../lib/gcc/avr/5.4.0/avr5\libgcc.a(_exit.o)
 .bss           0x00000000        0x0 c:/program files (x86)/atmel/studio/7.0/toolchain/avr8/avr8-gnu-toolchain/bin/../lib/gcc/avr/5.4.0/avr5\libgcc.a(_exit.o)
 .text.libgcc.mul
                0x00000000        0x0 c:/program files (x86)/atmel/studio/7.0/toolchain/avr8/avr8-gnu-toolchain/bin/../lib/gcc/avr/5.4.0/avr5\libgcc.a(_exit.o)
 .text.libgcc.div
                0x00000000        0x0 c:/program files (x86)/atmel/studio/7.0/toolchain/avr8/avr8-gnu-toolchain/bin/../lib/gcc/avr/5.4.0/avr5\libgcc.a(_exit.o)
 .text.libgcc   0x00000000        0x0 c:/program files (x86)/atmel/studio/7.0/toolchain/avr8/avr8-gnu-toolchain/bin/../lib/gcc/avr/5.4.0/avr5\libgcc.a(_exit.o)
 .text.libgcc.prologue
                0x00000000        0x0 c:/program files (x86)/atmel/studio/7.0/toolchain/avr8/avr8-gnu-toolchain/bin/../lib/gcc/avr/5.4.0/avr5\libgcc.a(_exit.o)
 .text.libgcc.builtins
                0x00000000        0x0 c:/program files (x86)/atmel/studio/7.0/toolchain/avr8/avr8-gnu-toolchain/bin/../lib/gcc/avr/5.4.0/avr5\libgcc.a(_exit.o)
 .text.libgcc.fmul
                0x00000000        0x0 c:/program files (x86)/atmel/studio/7.0/toolchain/avr8/avr8-gnu-toolchain/bin/../lib/gcc/avr/5.4.0/avr5\libgcc.a(_exit.o)
 .text.libgcc.fixed
                0x00000000        0x0 c:/program files (x86)/atmel/studio/7.0/toolchain/avr8/avr8-gnu-toolchain/bin/../lib/gcc/avr/5.4.0/avr5\libgcc.a(_exit.o)
 .text          0x00000000        0x0 c:/program files (x86)/atmel/studio/7.0/toolchain/avr8/avr8-gnu-toolchain/bin/../lib/gcc/avr/5.4.0/avr5\libgcc.a(_tablejump2.o)
 .data          0x00000000        0x0 c:/program files (x86)/atmel/studio/7.0/toolchain/avr8/avr8-gnu-toolchain/bin/../lib/gcc/avr/5.4.0/avr5\libgcc.a(_tablejump2.o)
 .bss           0x00000000        0x0 c:/program files (x86)/atmel/studio/7.0/toolchain/avr8/avr8-gnu-toolchain/bin/../lib/gcc/avr/5.4.0/avr5\libgcc.a(_tablejump2.o)
 .text.libgcc.mul
                0x00000000        0x0 c:/program files (x86)/atmel/studio/7.0/toolchain/avr8/avr8-gnu-toolchain/bin/../lib/gcc/avr/5.4.0/avr5\libgcc.a(_tablejump2.o)
 .text.libgcc.div
                0x00000000        0x0 c:/program files (x86)/atmel/studio/7.0/toolchain/avr8/avr8-gnu-toolchain/bin/../lib/gcc/avr/5.4.0/avr5\libgcc.a(_tablejump2.o)
 .text.libgcc.prologue
                0x00000000        0x0 c:/program files (x86)/atmel/studio/7.0/toolchain/avr8/avr8-gnu-toolchain/bin/../lib/gcc/avr/5.4.0/avr5\libgcc.a(_tablejump2.o)
 .text.libgcc.builtins
                0x00000000        0x0 c:/program files (x86)/atmel/studio/7.0/toolchain/avr8/avr8-gnu-toolchain/bin/../lib/gcc/avr/5.4.0/avr5\libgcc.a(_tablejump2.o)
 .text.libgcc.fmul
                0x00000000        0x0 c:/program files (x86)/atmel/studio/7.0/toolchain/avr8/avr8-gnu-toolchain/bin/../lib/gcc/avr/5.4.0/avr5\libgcc.a(_tablejump2.o)
 .text.libgcc.fixed
                0x00000000        0x0 c:/program files (x86)/atmel/studio/7.0/toolchain/avr8/avr8-gnu-toolchain/bin/../lib/gcc/avr/5.4.0/avr5\libgcc.a(_tablejump2.o)
 .text          0x00000000        0x0 c:/program files (x86)/atmel/studio/7.0/toolchain/avr8/avr8-gnu-toolchain/bin/../lib/gcc/avr/5.4.0/avr5\libgcc.a(_copy_data.o)
 .data          0x00000000        0x0 c:/program files (x86)/atmel/studio/7.0/toolchain/avr8/avr8-gnu-toolchain/bin/../lib/gcc/avr/5.4.0/avr5\libgcc.a(_copy_data.o)
 .bss           0x00000000        0x0 c:/program files (x86)/atmel/studio/7.0/toolchain/avr8/avr8-gnu-toolchain/bin/../lib/gcc/avr/5.4.0/avr5\libgcc.a(_copy_data.o)
 .text.libgcc.mul
                0x00000000        0x0 c:/program files (x86)/atmel/studio/7.0/toolchain/avr8/avr8-gnu-toolchain/bin/../lib/gcc/avr/5.4.0/avr5\libgcc.a(_copy_data.o)
 .text.libgcc.div
                0x00000000        0x0 c:/program files (x86)/atmel/studio/7.0/toolchain/avr8/avr8-gnu-toolchain/bin/../lib/gcc/avr/5.4.0/avr5\libgcc.a(_copy_data.o)
 .text.libgcc   0x00000000        0x0 c:/program files (x86)/atmel/studio/7.0/toolchain/avr8/avr8-gnu-toolchain/bin/../lib/gcc/avr/5.4.0/avr5\libgcc.a(_copy_data.o)
 .text.libgcc.prologue
                0x00000000        0x0 c:/program files (x86)/atmel/studio/7.0/toolchain/avr8/avr8-gnu-toolchain/bin/../lib/gcc/avr/5.4.0/avr5\libgcc.a(_copy_data.o)
 .text.libgcc.builtins
                0x00000000        0x0 c:/program files (x86)/atmel/studio/7.0/toolchain/avr8/avr8-gnu-toolchain/bin/../lib/gcc/avr/5.4.0/avr5\libgcc.a(_copy_data.o)
 .text.libgcc.fmul
                0x00000000        0x0 c:/program files (x86)/atmel/studio/7.0/toolchain/avr8/avr8-gnu-toolchain/bin/../lib/gcc/avr/5.4.0/avr5\libgcc.a(_copy_data.o)
 .text.libgcc.fixed
                0x00000000        0x0 c:/program files (x86)/atmel/studio/7.0/toolchain/avr8/avr8-gnu-toolchain/bin/../lib/gcc/avr/5.4.0/avr5\libgcc.a(_copy_data.o)
 .text          0x00000000        0x0 c:/program files (x86)/atmel/studio/7.0/toolchain/avr8/avr8-gnu-toolchain/bin/../lib/gcc/avr/5.4.0/avr5\libgcc.a(_clear_bss.o)
 .data          0x00000000        0x0 c:/program files (x86)/atmel/studio/7.0/toolchain/avr8/avr8-gnu-toolchain/bin/../lib/gcc/avr/5.4.0/avr5\libgcc.a(_clear_bss.o)
 .bss           0x00000000        0x0 c:/program files (x86)/atmel/studio/7.0/toolchain/avr8/avr8-gnu-toolchain/bin/../lib/gcc/avr/5.4.0/avr5\libgcc.a(_clear_bss.o)
 .text.libgcc.mul
                0x00000000        0x0 c:/program files (x86)/atmel/studio/7.0/toolchain/avr8/avr8-gnu-toolchain/bin/../lib/gcc/avr/5.4.0/avr5\libgcc.a(_clear_bss.o)
 .text.libgcc.div
                0x00000000        0x0 c:/program files (x86)/atmel/studio/7.0/toolchain/avr8/avr8-gnu-toolchain/bin/../lib/gcc/avr/5.4.0/avr5\libgcc.a(_clear_bss.o)
 .text.libgcc   0x00000000        0x0 c:/program files (x86)/atmel/studio/7.0/toolchain/avr8/avr8-gnu-toolchain/bin/../lib/gcc/avr/5.4.0/avr5\libgcc.a(_clear_bss.o)
 .text.libgcc.prologue
                0x00000000        0x0 c:/program files (x86)/atmel/studio/7.0/toolchain/avr8/avr8-gnu-toolchain/bin/../lib/gcc/avr/5.4.0/avr5\libgcc.a(_clear_bss.o)
 .text.libgcc.builtins
                0x00000000        0x0 c:/program files (x86)/atmel/studio/7.0/toolchain/avr8/avr8-gnu-toolchain/bin/../lib/gcc/avr/5.4.0/avr5\libgcc.a(_clear_bss.o)
 .text.libgcc.fmul
                0x00000000        0x0 c:/program files (x86)/atmel/studio/7.0/toolchain/avr8/avr8-gnu-toolchain/bin/../lib/gcc/avr/5.4.0/avr5\libgcc.a(_clear_bss.o)
 .text.libgcc.fixed
                0x00000000        0x0 c:/program files (x86)/atmel/studio/7.0/toolchain/avr8/avr8-gnu-toolchain/bin/../lib/gcc/avr/5.4.0/avr5\libgcc.a(_clear_bss.o)
 .text          0x00000000        0x0 c:/program files (x86)/atmel/studio/7.0/toolchain/avr8/avr8-gnu-toolchain/bin/../lib/gcc/avr/5.4.0/avr5\libgcc.a(_umulhisi3.o)
 .data          0x00000000        0x0 c:/program files (x86)/atmel/studio/7.0/toolchain/avr8/avr8-gnu-toolchain/bin/../lib/gcc/avr/5.4.0/avr5\libgcc.a(_umulhisi3.o)
 .bss           0x00000000        0x0 c:/program files (x86)/atmel/studio/7.0/toolchain/avr8/avr8-gnu-toolchain/bin/../lib/gcc/avr/5.4.0/avr5\libgcc.a(_umulhisi3.o)
 .text.libgcc.div
                0x00000000        0x0 c:/program files (x86)/atmel/studio/7.0/toolchain/avr8/avr8-gnu-toolchain/bin/../lib/gcc/avr/5.4.0/avr5\libgcc.a(_umulhisi3.o)
 .text.libgcc   0x00000000        0x0 c:/program files (x86)/atmel/studio/7.0/toolchain/avr8/avr8-gnu-toolchain/bin/../lib/gcc/avr/5.4.0/avr5\libgcc.a(_umulhisi3.o)
 .text.libgcc.prologue
                0x00000000        0x0 c:/program files (x86)/atmel/studio/7.0/toolchain/avr8/avr8-gnu-toolchain/bin/../lib/gcc/avr/5.4.0/avr5\libgcc.a(_umulhisi3.o)
 .text.libgcc.builtins
                0x00000000        0x0 c:/program files (x86)/atmel/studio/7.0/toolchain/avr8/avr8-gnu-toolchain/bin/../lib/gcc/avr/5.4.0/avr5\libgcc.a(_umulhisi3.o)
 .text.libgcc.fmul
                0x00000000        0x0 c:/program files (x86)/atmel/studio/7.0/toolchain/avr8/avr8-gnu-toolchain/bin/../lib/gcc/avr/5.4.0/avr5\libgcc.a(_umulhisi3.o)
 .text.libgcc.fixed
                0x00000000        0x0 c:/program files (x86)/atmel/studio/7.0/toolchain/avr8/avr8-gnu-toolchain/bin/../lib/gcc/avr/5.4.0/avr5\libgcc.a(_umulhisi3.o)

Memory Configuration

Name             Origin             Length             Attributes
text             0x00000000         0x00008000         xr
data             0x00800060         0x00000800         rw !x
eeprom           0x00810000         0x00000400         rw !x
fuse             0x00820000         0x00000002         rw !x
lock             0x00830000         0x00000400         rw !x
signature        0x00840000         0x00000400         rw !x
user_signatures  0x00850000         0x00000400         rw !x
*default*        0x00000000         0xffffffff

Linker script and memory map

LOAD C:/Program Files (x86)/Atmel/Studio/7.0/Packs/atmel/ATmega_DFP/1.7.374/gcc/dev/atmega32/avr5/crtatmega32.o
LOAD APP/Lighting_control/Lighting_control.o
LOAD HAL/Button.o
LOAD HAL/DC_motor.o
LOAD HAL/Keypad.o
LOAD HAL/Keypad_cfg.o
LOAD HAL/LCD.o
LOAD HAL/Led.o
LOAD HAL/seg.o
LOAD HAL/sensors.o
LOAD main.o
LOAD MCAL/ADC/ADC.o
LOAD MCAL/DIO/DIO.o
LOAD MCAL/EX_Interrupt/EX_Interrupt.o
LOAD MCAL/TIMER/TIMER.o
START GROUP
LOAD c:/program files (x86)/atmel/studio/7.0/toolchain/avr8/avr8-gnu-toolchain/bin/../lib/gcc/avr/5.4.0/../../../../avr/lib/avr5\libm.a
END GROUP
START GROUP
LOAD c:/program files (x86)/atmel/studio/7.0/toolchain/avr8/avr8-gnu-toolchain/bin/../lib/gcc/avr/5.4.0/avr5\libgcc.a
LOAD c:/program files (x86)/atmel/studio/7.0/toolchain/avr8/avr8-gnu-toolchain/bin/../lib/gcc/avr/5.4.0/../../../../avr/lib/avr5\libm.a
LOAD c:/program files (x86)/atmel/studio/7.0/toolchain/avr8/avr8-gnu-toolchain/bin/../lib/gcc/avr/5.4.0/../../../../avr/lib/avr5\libc.a
LOAD C:/Program Files (x86)/Atmel/Studio/7.0/Packs/atmel/ATmega_DFP/1.7.374/gcc/dev/atmega32/avr5\libatmega32.a
END GROUP
                0x00000000                __TEXT_REGION_ORIGIN__ = DEFINED (__TEXT_REGION_ORIGIN__)?__TEXT_REGION_ORIGIN__:0x0
                [0x00800060]                __DATA_REGION_ORIGIN__ = DEFINED (__DATA_REGION_ORIGIN__)?__DATA_REGION_ORIGIN__:0x800060
                [0x00008000]                __TEXT_REGION_LENGTH__ = DEFINED (__TEXT_REGION_LENGTH__)?__TEXT_REGION_LENGTH__:0x20000
                [0x00000800]                __DATA_REGION_LENGTH__ = DEFINED (__DATA_REGION_LENGTH__)?__DATA_REGION_LENGTH__:0xffa0
                [0x00000400]                __EEPROM_REGION_LENGTH__ = DEFINED (__EEPROM_REGION_LENGTH__)?__EEPROM_REGION_LENGTH__:0x10000
                [0x00000002]                __FUSE_REGION_LENGTH__ = DEFINED (__FUSE_REGION_LENGTH__)?__FUSE_REGION_LENGTH__:0x400
                0x00000400                __LOCK_REGION_LENGTH__ = DEFINED (__LOCK_REGION_LENGTH__)?__LOCK_REGION_LENGTH__:0x400
                0x00000400                __SIGNATURE_REGION_LENGTH__ = DEFINED (__SIGNATURE_REGION_LENGTH__)?__SIGNATURE_REGION_LENGTH__:0x400
                0x00000400                __USER_SIGNATURE_REGION_LENGTH__ = DEFINED (__USER_SIGNATURE_REGION_LENGTH__)?__USER_SIGNATURE_REGION_LENGTH__:0x400

.hash
 *(.hash)

.dynsym
 *(.dynsym)

.dynstr
 *(.dynstr)

.gnu.version
 *(.gnu.version)

.gnu.version_d
 *(.gnu.version_d)

.gnu.version_r
 *(.gnu.version_r)

.rel.init
 *(.rel.init)

.rela.init
 *(.rela.init)

.rel.text
 *(.rel.text)
 *(.rel.text.*)
 *(.rel.gnu.linkonce.t*)

.rela.text
 *(.rela.text)
 *(.rela.text.*)
 *(.rela.gnu.linkonce.t*)

.rel.fini
 *(.rel.fini)

.rela.fini
 *(.rela.fini)

.rel.rodata
 *(.rel.rodata)
 *(.rel.rodata.*)
 *(.rel.gnu.linkonce.r*)

.rela.rodata
 *(.rela.rodata)
 *(.rela.rodata.*)
 *(.rela.gnu.linkonce.r*)

.rel.data
 *(.rel.data)
 *(.rel.data.*)
 *(.rel.gnu.linkonce.d*)

.rela.data
 *(.rela.data)
 *(.rela.data.*)
 *(.rela.gnu.linkonce.d*)

.rel.ctors
 *(.rel.ctors)

.rela.ctors
 *(.rela.ctors)

.rel.dtors
 *(.rel.dtors)

.rela.dtors
 *(.rela.dtors)

.rel.got
 *(.rel.got)

.rela.got
 *(.rela.got)

.rel.bss
 *(.rel.bss)

.rela.bss
 *(.rela.bss)

.rel.plt
 *(.rel.plt)

.rela.plt
 *(.rela.plt)

.text           0x00000000     0x12c0
 *(.vectors)
 .vectors       0x00000000       0x54 C:/Program Files (x86)/Atmel/Studio/7.0/Packs/atmel/ATmega_DFP/1.7.374/gcc/dev/atmega32/avr5/crtatmega32.o
                0x00000000                __vector_default
                0x00000000                __vectors
 *(.vectors)
 *(.progmem.gcc*)
 .progmem.gcc_sw_table.TIMER0_Init
                0x00000054       0x10 MCAL/TIMER/TIMER.o
                0x00000064                . = ALIGN (0x2)
                0x00000064                __trampolines_start = .
 *(.trampolines)
 .trampolines   0x00000064        0x0 linker stubs
 *(.trampolines*)
                0x00000064                __trampolines_end = .
 *libprintf_flt.a:*(.progmem.data)
 *libc.a:*(.progmem.data)
 *(.progmem*)
                0x00000064                . = ALIGN (0x2)
 *(.jumptables)
 *(.jumptables*)
 *(.lowtext)
 *(.lowtext*)
                0x00000064                __ctors_start = .
 *(.ctors)
                0x00000064                __ctors_end = .
                0x00000064                __dtors_start = .
 *(.dtors)
                0x00000064                __dtors_end = .
 SORT(*)(.ctors)
 SORT(*)(.dtors)
 *(.init0)
 .init0         0x00000064        0x0 C:/Program Files (x86)/Atmel/Studio/7.0/Packs/atmel/ATmega_DFP/1.7.374/gcc/dev/atmega32/avr5/crtatmega32.o
                0x00000064                __init
 *(.init0)
 *(.init1)
 *(.init1)
 *(.init2)
 .init2         0x00000064        0xc C:/Program Files (x86)/Atmel/Studio/7.0/Packs/atmel/ATmega_DFP/1.7.374/gcc/dev/atmega32/avr5/crtatmega32.o
 *(.init2)
 *(.init3)
 *(.init3)
 *(.init4)
 .init4         0x00000070       0x16 c:/program files (x86)/atmel/studio/7.0/toolchain/avr8/avr8-gnu-toolchain/bin/../lib/gcc/avr/5.4.0/avr5\libgcc.a(_copy_data.o)
                0x00000070                __do_copy_data
 .init4         0x00000086       0x10 c:/program files (x86)/atmel/studio/7.0/toolchain/avr8/avr8-gnu-toolchain/bin/../lib/gcc/avr/5.4.0/avr5\libgcc.a(_clear_bss.o)
                0x00000086                __do_clear_bss
 *(.init4)
 *(.init5)
 *(.init5)
 *(.init6)
 *(.init6)
 *(.init7)
 *(.init7)
 *(.init8)
 *(.init8)
 *(.init9)
 .init9         0x00000096        0x8 C:/Program Files (x86)/Atmel/Studio/7.0/Packs/atmel/ATmega_DFP/1.7.374/gcc/dev/atmega32/avr5/crtatmega32.o
 *(.init9)
 *(.text)
 .text          0x0000009e        0x4 C:/Program Files (x86)/Atmel/Studio/7.0/Packs/atmel/ATmega_DFP/1.7.374/gcc/dev/atmega32/avr5/crtatmega32.o
                0x0000009e                __vector_12
                0x0000009e                __bad_interrupt
                0x0000009e                __vector_13
                0x0000009e                __vector_17
                0x0000009e                __vector_19
                0x0000009e                __vector_15
                0x0000009e                __vector_14
                0x0000009e                __vector_16
                0x0000009e                __vector_18
                0x0000009e                __vector_20
                0x000000a2                . = ALIGN (0x2)
 *(.text.*)
 .text.Pushbutton_state
                0x000000a2       0x34 HAL/Button.o
                0x000000a2                Pushbutton_state
 .text.Keypad_Init
                0x000000d6       0x42 HAL/Keypad.o
                0x000000d6                Keypad_Init
 .text.keypad_getkey
                0x00000118       0xa0 HAL/Keypad.o
                0x00000118                keypad_getkey
 .text.LCD_WriteIns
                0x000001b8       0xc0 HAL/LCD.o
                0x000001b8                LCD_WriteIns
 .text.LCD_Init
                0x00000278       0x3e HAL/LCD.o
                0x00000278                LCD_Init
 .text.LCD_goto
                0x000002b6       0x20 HAL/LCD.o
                0x000002b6                LCD_goto
 .text.LCD_Clear
                0x000002d6       0x14 HAL/LCD.o
                0x000002d6                LCD_Clear
 .text.LCD_WriteData
                0x000002ea       0xc0 HAL/LCD.o
                0x000002ea                LCD_WriteData
 .text.LCD_WriteChar
                0x000003aa        0x6 HAL/LCD.o
                0x000003aa                LCD_WriteChar
 .text.LCD_WriteString
                0x000003b0       0x26 HAL/LCD.o
                0x000003b0                LCD_WriteString
 .text.LCD_Write_stringGoTo
                0x000003d6       0x16 HAL/LCD.o
                0x000003d6                LCD_Write_stringGoTo
 .text.LED_Init
                0x000003ec       0x38 HAL/Led.o
                0x000003ec                LED_Init
 .text.LED_setmode
                0x00000424       0x74 HAL/Led.o
                0x00000424                LED_setmode
 .text.LED_toggle
                0x00000498       0x88 HAL/Led.o
                0x00000498                LED_toggle
 .text.light_func
                0x00000520      0x288 main.o
                0x00000520                light_func
 .text.main     0x000007a8      0x566 main.o
                0x000007a8                main
 .text.DIO_vSetPinMode
                0x00000d0e       0xbe MCAL/DIO/DIO.o
                0x00000d0e                DIO_vSetPinMode
 .text.DIO_u8GetPinValue
                0x00000dcc       0x32 MCAL/DIO/DIO.o
                0x00000dcc                DIO_u8GetPinValue
 .text.__vector_1
                0x00000dfe       0x52 MCAL/EX_Interrupt/EX_Interrupt.o
                0x00000dfe                __vector_1
 .text.__vector_2
                0x00000e50       0x52 MCAL/EX_Interrupt/EX_Interrupt.o
                0x00000e50                __vector_2
 .text.__vector_3
                0x00000ea2       0x52 MCAL/EX_Interrupt/EX_Interrupt.o
                0x00000ea2                __vector_3
 .text.TIMER0_Init
                0x00000ef4       0xfc MCAL/TIMER/TIMER.o
                0x00000ef4                TIMER0_Init
 .text.TIMER0_OVF_InterruptEnable
                0x00000ff0        0x8 MCAL/TIMER/TIMER.o
                0x00000ff0                TIMER0_OVF_InterruptEnable
 .text.TIMER0_OVF_SetCallBack
                0x00000ff8        0xa MCAL/TIMER/TIMER.o
                0x00000ff8                TIMER0_OVF_SetCallBack
 .text.__vector_11
                0x00001002       0x52 MCAL/TIMER/TIMER.o
                0x00001002                __vector_11
 .text.__vector_10
                0x00001054       0x52 MCAL/TIMER/TIMER.o
                0x00001054                __vector_10
 .text.__vector_9
                0x000010a6       0x52 MCAL/TIMER/TIMER.o
                0x000010a6                __vector_9
 .text.__vector_7
                0x000010f8       0x52 MCAL/TIMER/TIMER.o
                0x000010f8                __vector_7
 .text.__vector_8
                0x0000114a       0x52 MCAL/TIMER/TIMER.o
                0x0000114a                __vector_8
 .text.__vector_6
                0x0000119c       0x52 MCAL/TIMER/TIMER.o
                0x0000119c                __vector_6
 .text.__vector_5
                0x000011ee       0x52 MCAL/TIMER/TIMER.o
                0x000011ee                __vector_5
 .text.__vector_4
                0x00001240       0x52 MCAL/TIMER/TIMER.o
                0x00001240                __vector_4
 .text.libgcc   0x00001292        0xc c:/program files (x86)/atmel/studio/7.0/toolchain/avr8/avr8-gnu-toolchain/bin/../lib/gcc/avr/5.4.0/avr5\libgcc.a(_tablejump2.o)
                0x00001292                __tablejump2__
 .text.libgcc.mul
                0x0000129e       0x1e c:/program files (x86)/atmel/studio/7.0/toolchain/avr8/avr8-gnu-toolchain/bin/../lib/gcc/avr/5.4.0/avr5\libgcc.a(_umulhisi3.o)
                0x0000129e                __umulhisi3
                0x000012bc                . = ALIGN (0x2)
 *(.fini9)
 .fini9         0x000012bc        0x0 c:/program files (x86)/atmel/studio/7.0/toolchain/avr8/avr8-gnu-toolchain/bin/../lib/gcc/avr/5.4.0/avr5\libgcc.a(_exit.o)
                0x000012bc                _exit
                0x000012bc                exit
 *(.fini9)
 *(.fini8)
 *(.fini8)
 *(.fini7)
 *(.fini7)
 *(.fini6)
 *(.fini6)
 *(.fini5)
 *(.fini5)
 *(.fini4)
 *(.fini4)
 *(.fini3)
 *(.fini3)
 *(.fini2)
 *(.fini2)
 *(.fini1)
 *(.fini1)
 *(.fini0)
 .fini0         0x000012bc        0x4 c:/program files (x86)/atmel/studio/7.0/toolchain/avr8/avr8-gnu-toolchain/bin/../lib/gcc/avr/5.4.0/avr5\libgcc.a(_exit.o)
 *(.fini0)
                0x000012c0                _etext = .

.data           0x00800060       0xb4 load address 0x000012c0
                0x00800060                PROVIDE (__data_start, .)
 *(.data)
 *(.data*)
 .data.arr_col  0x00800060        0x4 HAL/Keypad.o
                0x00800060                arr_col
 .data.arr_row  0x00800064        0x4 HAL/Keypad.o
                0x00800064                arr_row
 .data.arr_keypad
                0x00800068       0x10 HAL/Keypad_cfg.o
                0x00800068                arr_keypad
 .data.pb4_State_back
                0x00800078        0x1 main.o
 .data.pb3_State_front
                0x00800079        0x1 main.o
 .data.pb2_State_left
                0x0080007a        0x1 main.o
 .data.pb1_State_right
                0x0080007b        0x1 main.o
 .data.port_arr
                0x0080007c       0x18 MCAL/DIO/DIO.o
                0x0080007c                port_arr
 *(.gnu.linkonce.d*)
 *(.rodata)
 *(.rodata*)
 .rodata.str1.1
                0x00800094       0x80 main.o
 *(.gnu.linkonce.r*)
                0x00800114                . = ALIGN (0x2)
                0x00800114                _edata = .
                0x00800114                PROVIDE (__data_end, .)

.bss            0x00800114       0x25
                0x00800114                PROVIDE (__bss_start, .)
 *(.bss)
 *(.bss*)
 .bss.back_long_flag.2134
                0x00800114        0x1 main.o
 .bss.back_short_flag.2133
                0x00800115        0x1 main.o
 .bss.front_long_flag.2132
                0x00800116        0x1 main.o
 .bss.front_short_flag.2131
                0x00800117        0x1 main.o
 .bss.left_long_flag.2130
                0x00800118        0x1 main.o
 .bss.left_short_flag.2129
                0x00800119        0x1 main.o
 .bss.right_long_flag.2128
                0x0080011a        0x1 main.o
 .bss.right_short_flag.2127
                0x0080011b        0x1 main.o
 .bss.counter   0x0080011c        0x4 main.o
 .bss.timer_counter
                0x00800120        0x2 main.o
 .bss.button_pressed
                0x00800122        0x1 main.o
 .bss.INT2_Fptr
                0x00800123        0x2 MCAL/EX_Interrupt/EX_Interrupt.o
 .bss.INT1_Fptr
                0x00800125        0x2 MCAL/EX_Interrupt/EX_Interrupt.o
 .bss.INT0_Fptr
                0x00800127        0x2 MCAL/EX_Interrupt/EX_Interrupt.o
 .bss.Timer2_OC_Fptr
                0x00800129        0x2 MCAL/TIMER/TIMER.o
 .bss.Timer2_OVF_Fptr
                0x0080012b        0x2 MCAL/TIMER/TIMER.o
 .bss.Timer1_ICU_Fptr
                0x0080012d        0x2 MCAL/TIMER/TIMER.o
 .bss.Timer1_OCB_Fptr
                0x0080012f        0x2 MCAL/TIMER/TIMER.o
 .bss.Timer1_OCA_Fptr
                0x00800131        0x2 MCAL/TIMER/TIMER.o
 .bss.Timer1_OVF_Fptr
                0x00800133        0x2 MCAL/TIMER/TIMER.o
 .bss.Timer0_OC_Fptr
                0x00800135        0x2 MCAL/TIMER/TIMER.o
 .bss.Timer0_OVF_Fptr
                0x00800137        0x2 MCAL/TIMER/TIMER.o
 *(COMMON)
                0x00800139                PROVIDE (__bss_end, .)
                0x000012c0                __data_load_start = LOADADDR (.data)
                0x00001374                __data_load_end = (__data_load_start + SIZEOF (.data))

.noinit         0x00800139        0x0
                [!provide]                PROVIDE (__noinit_start, .)
 *(.noinit*)
                [!provide]                PROVIDE (__noinit_end, .)
                0x00800139                _end = .
                [!provide]                PROVIDE (__heap_start, .)

.eeprom         0x00810000        0x0
 *(.eeprom*)
                0x00810000                __eeprom_end = .

.fuse
 *(.fuse)
 *(.lfuse)
 *(.hfuse)
 *(.efuse)

.lock
 *(.lock*)

.signature
 *(.signature*)

.user_signatures
 *(.user_signatures*)

.stab
 *(.stab)

.stabstr
 *(.stabstr)

.stab.excl
 *(.stab.excl)

.stab.exclstr
 *(.stab.exclstr)

.stab.index
 *(.stab.index)

.stab.indexstr
 *(.stab.indexstr)

.comment        0x00000000       0x30
 *(.comment)
 .comment       0x00000000       0x30 HAL/Button.o
                                 0x31 (size before relaxing)
 .comment       0x00000030       0x31 HAL/Keypad.o
 .comment       0x00000030       0x31 HAL/Keypad_cfg.o
 .comment       0x00000030       0x31 HAL/LCD.o
 .comment       0x00000030       0x31 HAL/Led.o
 .comment       0x00000030       0x31 main.o
 .comment       0x00000030       0x31 MCAL/DIO/DIO.o
 .comment       0x00000030       0x31 MCAL/EX_Interrupt/EX_Interrupt.o
 .comment       0x00000030       0x31 MCAL/TIMER/TIMER.o

.note.gnu.avr.deviceinfo
                0x00000000       0x3c
 .note.gnu.avr.deviceinfo
                0x00000000       0x3c C:/Program Files (x86)/Atmel/Studio/7.0/Packs/atmel/ATmega_DFP/1.7.374/gcc/dev/atmega32/avr5/crtatmega32.o

.note.gnu.build-id
 *(.note.gnu.build-id)

.debug
 *(.debug)

.line
 *(.line)

.debug_srcinfo
 *(.debug_srcinfo)

.debug_sfnames
 *(.debug_sfnames)

.debug_aranges  0x00000000      0x380
 *(.debug_aranges)
 .debug_aranges
                0x00000000       0x28 HAL/Button.o
 .debug_aranges
                0x00000028       0x30 HAL/Keypad.o
 .debug_aranges
                0x00000058       0x18 HAL/Keypad_cfg.o
 .debug_aranges
                0x00000070       0x68 HAL/LCD.o
 .debug_aranges
                0x000000d8       0x30 HAL/Led.o
 .debug_aranges
                0x00000108       0x28 main.o
 .debug_aranges
                0x00000130       0x28 MCAL/DIO/DIO.o
 .debug_aranges
                0x00000158       0x58 MCAL/EX_Interrupt/EX_Interrupt.o
 .debug_aranges
                0x000001b0      0x1d0 MCAL/TIMER/TIMER.o

.debug_pubnames
 *(.debug_pubnames)

.debug_info     0x00000000     0x4077
 *(.debug_info .gnu.linkonce.wi.*)
 .debug_info    0x00000000      0x4e6 C:/Program Files (x86)/Atmel/Studio/7.0/Packs/atmel/ATmega_DFP/1.7.374/gcc/dev/atmega32/avr5/crtatmega32.o
 .debug_info    0x000004e6      0x2db HAL/Button.o
 .debug_info    0x000007c1      0x4b3 HAL/Keypad.o
 .debug_info    0x00000c74      0x16a HAL/Keypad_cfg.o
 .debug_info    0x00000dde      0xa79 HAL/LCD.o
 .debug_info    0x00001857      0x47d HAL/Led.o
 .debug_info    0x00001cd4      0xf33 main.o
 .debug_info    0x00002c07      0x253 MCAL/DIO/DIO.o
 .debug_info    0x00002e5a      0x3b2 MCAL/EX_Interrupt/EX_Interrupt.o
 .debug_info    0x0000320c      0xe6b MCAL/TIMER/TIMER.o

.debug_abbrev   0x00000000      0xf0a
 *(.debug_abbrev)
 .debug_abbrev  0x00000000      0x4a3 C:/Program Files (x86)/Atmel/Studio/7.0/Packs/atmel/ATmega_DFP/1.7.374/gcc/dev/atmega32/avr5/crtatmega32.o
 .debug_abbrev  0x000004a3       0xd9 HAL/Button.o
 .debug_abbrev  0x0000057c      0x19b HAL/Keypad.o
 .debug_abbrev  0x00000717       0x63 HAL/Keypad_cfg.o
 .debug_abbrev  0x0000077a      0x189 HAL/LCD.o
 .debug_abbrev  0x00000903       0xae HAL/Led.o
 .debug_abbrev  0x000009b1      0x1a6 main.o
 .debug_abbrev  0x00000b57      0x101 MCAL/DIO/DIO.o
 .debug_abbrev  0x00000c58       0xf4 MCAL/EX_Interrupt/EX_Interrupt.o
 .debug_abbrev  0x00000d4c      0x1be MCAL/TIMER/TIMER.o

.debug_line     0x00000000     0x202f
 *(.debug_line .debug_line.* .debug_line_end)
 .debug_line    0x00000000      0x116 C:/Program Files (x86)/Atmel/Studio/7.0/Packs/atmel/ATmega_DFP/1.7.374/gcc/dev/atmega32/avr5/crtatmega32.o
 .debug_line    0x00000116       0xde HAL/Button.o
 .debug_line    0x000001f4      0x277 HAL/Keypad.o
 .debug_line    0x0000046b       0x5c HAL/Keypad_cfg.o
 .debug_line    0x000004c7      0x489 HAL/LCD.o
 .debug_line    0x00000950      0x188 HAL/Led.o
 .debug_line    0x00000ad8      0x6be main.o
 .debug_line    0x00001196       0xd1 MCAL/DIO/DIO.o
 .debug_line    0x00001267      0x260 MCAL/EX_Interrupt/EX_Interrupt.o
 .debug_line    0x000014c7      0xb68 MCAL/TIMER/TIMER.o

.debug_frame    0x00000000      0xa88
 *(.debug_frame)
 .debug_frame   0x00000000       0x34 HAL/Button.o
 .debug_frame   0x00000034       0x7c HAL/Keypad.o
 .debug_frame   0x000000b0      0x138 HAL/LCD.o
 .debug_frame   0x000001e8       0x44 HAL/Led.o
 .debug_frame   0x0000022c       0x34 main.o
 .debug_frame   0x00000260       0x34 MCAL/DIO/DIO.o
 .debug_frame   0x00000294      0x16c MCAL/EX_Interrupt/EX_Interrupt.o
 .debug_frame   0x00000400      0x688 MCAL/TIMER/TIMER.o

.debug_str      0x00000000     0x146b
 *(.debug_str)
 .debug_str     0x00000000      0x196 C:/Program Files (x86)/Atmel/Studio/7.0/Packs/atmel/ATmega_DFP/1.7.374/gcc/dev/atmega32/avr5/crtatmega32.o
 .debug_str     0x00000196      0x20a HAL/Button.o
                                0x23f (size before relaxing)
 .debug_str     0x000003a0       0xd0 HAL/Keypad.o
                                0x2a8 (size before relaxing)
 .debug_str     0x00000470       0x6e HAL/Keypad_cfg.o
                                0x1b1 (size before relaxing)
 .debug_str     0x000004de       0xd2 HAL/LCD.o
                                0x2e9 (size before relaxing)
 .debug_str     0x000005b0       0xd1 HAL/Led.o
                                0x25d (size before relaxing)
 .debug_str     0x00000681      0x374 main.o
                                0x62e (size before relaxing)
 .debug_str     0x000009f5       0x4d MCAL/DIO/DIO.o
                                0x237 (size before relaxing)
 .debug_str     0x00000a42      0x12a MCAL/EX_Interrupt/EX_Interrupt.o
                                0x2f9 (size before relaxing)
 .debug_str     0x00000b6c      0x8ff MCAL/TIMER/TIMER.o
                                0xb6d (size before relaxing)

.debug_loc      0x00000000     0x28fb
 *(.debug_loc)
 .debug_loc     0x00000000      0x16c HAL/Button.o
 .debug_loc     0x0000016c      0x1da HAL/Keypad.o
 .debug_loc     0x00000346      0x894 HAL/LCD.o
 .debug_loc     0x00000bda      0x278 HAL/Led.o
 .debug_loc     0x00000e52      0x495 main.o
 .debug_loc     0x000012e7       0xcb MCAL/DIO/DIO.o
 .debug_loc     0x000013b2      0x422 MCAL/EX_Interrupt/EX_Interrupt.o
 .debug_loc     0x000017d4     0x1127 MCAL/TIMER/TIMER.o

.debug_macinfo
 *(.debug_macinfo)

.debug_weaknames
 *(.debug_weaknames)

.debug_funcnames
 *(.debug_funcnames)

.debug_typenames
 *(.debug_typenames)

.debug_varnames
 *(.debug_varnames)

.debug_pubtypes
 *(.debug_pubtypes)

.debug_ranges   0x00000000      0x318
 *(.debug_ranges)
 .debug_ranges  0x00000000       0x18 HAL/Button.o
 .debug_ranges  0x00000018       0x50 HAL/Keypad.o
 .debug_ranges  0x00000068       0x58 HAL/LCD.o
 .debug_ranges  0x000000c0       0x20 HAL/Led.o
 .debug_ranges  0x000000e0       0x18 main.o
 .debug_ranges  0x000000f8       0x18 MCAL/DIO/DIO.o
 .debug_ranges  0x00000110       0x48 MCAL/EX_Interrupt/EX_Interrupt.o
 .debug_ranges  0x00000158      0x1c0 MCAL/TIMER/TIMER.o

.debug_macro
 *(.debug_macro)
OUTPUT(NTI_new_project.elf elf32-avr)
LOAD linker stubs
